{
  "(0,)": [
    {
      "event": "line",
      "filepath": "doc_example.py",
      "lineno": 24,
      "code_str": "fo = 1  # start",
      "frame_id": "(0,)"
    },
    {
      "event": "call",
      "filepath": "doc_example.py",
      "lineno": 25,
      "code_str": "func_a(fo)",
      "caller_frame_id": "(0,)",
      "callee_frame_id": "(0, 0)"
    },
    {
      "event": "line",
      "filepath": "doc_example.py",
      "lineno": 25,
      "code_str": "func_a(fo)  # a",
      "frame_id": "(0,)"
    }
  ],
  "(0, 0)": [
    {
      "event": "line",
      "filepath": "doc_example.py",
      "lineno": 17,
      "code_str": "ba = [foo]  # b",
      "frame_id": "(0, 0)"
    },
    {
      "event": "call",
      "filepath": "doc_example.py",
      "lineno": 18,
      "code_str": "func_c(ba)",
      "caller_frame_id": "(0, 0)",
      "callee_frame_id": "(0, 0, 0)"
    },
    {
      "event": "line",
      "filepath": "doc_example.py",
      "lineno": 18,
      "code_str": "func_c(ba)  # c",
      "frame_id": "(0, 0)"
    },
    {
      "event": "call",
      "filepath": "doc_example.py",
      "lineno": 19,
      "code_str": "func_f(ba)",
      "caller_frame_id": "(0, 0)",
      "callee_frame_id": "(0, 0, 1)"
    },
    {
      "event": "line",
      "filepath": "doc_example.py",
      "lineno": 19,
      "code_str": "foo = func_f(ba)  # f",
      "frame_id": "(0, 0)"
    },
    {
      "event": "line",
      "filepath": "doc_example.py",
      "lineno": 20,
      "code_str": "cyberbrain.register(foo)  # target",
      "frame_id": "(0, 0)"
    }
  ],
  "(0, 0, 0)": [
    {
      "event": "line",
      "filepath": "doc_example.py",
      "lineno": 12,
      "code_str": "baa.append(None)  # d",
      "frame_id": "(0, 0, 0)"
    },
    {
      "event": "line",
      "filepath": "doc_example.py",
      "lineno": 13,
      "code_str": "baa.append(\"?\")  # e",
      "frame_id": "(0, 0, 0)"
    }
  ],
  "(0, 0, 1)": [
    {
      "event": "line",
      "filepath": "doc_example.py",
      "lineno": 7,
      "code_str": "x = len(bar)  # g",
      "frame_id": "(0, 0, 1)"
    },
    {
      "event": "line",
      "filepath": "doc_example.py",
      "lineno": 8,
      "code_str": "return x  # h",
      "frame_id": "(0, 0, 1)"
    }
  ]
}