[
  {
    "code": "y = {\n    \"longlonglonglonglonglonglonglong\": 1,\n    \"longlonglonglonglonglonglonglonglong\": 2,\n    \"longlonglonglonglonglonglonglonglonglong\": 3,\n}",
    "next": "def f(**kwargs):",
    "prev": "",
    "step_into": "",
    "returned_from": ""
  },
  {
    "code": "def f(**kwargs):",
    "next": "x = f(longlonglonglonglonglonglonglong=1,\n    longlonglonglonglonglonglonglonglong=2,\n    longlonglonglonglonglonglonglonglonglong=3)",
    "prev": "y = {\n    \"longlonglonglonglonglonglonglong\": 1,\n    \"longlonglonglonglonglonglonglonglong\": 2,\n    \"longlonglonglonglonglonglonglonglonglong\": 3,\n}",
    "step_into": "",
    "returned_from": ""
  },
  {
    "code": "x = f(longlonglonglonglonglonglonglong=1,\n    longlonglonglonglonglonglonglonglong=2,\n    longlonglonglonglonglonglonglonglonglong=3)",
    "next": "cyberbrain.register(y)  # register has to be called after init",
    "prev": "def f(**kwargs):",
    "step_into": "pass",
    "returned_from": "pass",
    "param_to_arg": {
      "kwargs": []
    }
  },
  {
    "code": "pass",
    "next": "",
    "prev": "x = f(longlonglonglonglonglonglonglong=1,\n    longlonglonglonglonglonglonglonglong=2,\n    longlonglonglonglonglonglonglonglonglong=3)",
    "step_into": "",
    "returned_from": ""
  },
  {
    "code": "cyberbrain.register(y)  # register has to be called after init",
    "next": "",
    "prev": "x = f(longlonglonglonglonglonglonglong=1,\n    longlonglonglonglonglonglonglonglong=2,\n    longlonglonglonglonglonglonglonglonglong=3)",
    "step_into": "",
    "returned_from": ""
  }
]